git --version
[200~cd C:/Users/Karla/OneDrive/Documentos/NetBeansProjects/RegistroSwing~
ls
git config --global usar.name "Karli"
git--config --user.email "amarantojimenezk@gmail.com"
git config --global user.email "amarantojimenezk@gmail.com"
git init
git add .
[200~git commit -m "Primer commit del proyecto Java"
git add .
echo "# registroEmpleadosSwing" >> README.md
git init
git add README.md
git commit -m "first commit"
git branch -M main
git remote add origin https://github.com/kkarliw/registroEmpleadosSwing.git
git push -u origin main
git remote add origin https://github.com/kkarliw/registroEmpleadosSwing.git
git branch -M main
git push -u origin main
git remote add origin https://github.com/kkarliw/registroEmpleadosSwing.git
git commit -m "Mi proyecto de registro de empleados"
git --version
cd C:/Users/Karla/OneDrive/Documentos/NetBeansProjects/RegistroSwing
ls
git init
git add .
cd "C:\Users\Karla\OneDrive\Documentos\NetBeansProjects"
git rm --cached -r RegistroSwing
RegistroSwing/
pwd
git init
git add .
git commit -m "primer commit: Proyecto resgistro de empleados"
cd C:\Users\Karla\OneDrive\Documentos\NetBeansProjects\RegistroSwing
cd "
git init


git init
git add .
rm -rf registroEmpleadosSwing/.git
git add .
rm -rf registroEmpleadosSwing/.git
git add .
 git commit -m "Agregado"
git push -u origin main
git commit -m "Primer commit del proyecto Java"
Karla@LAPTOP-K32JL3IS MINGW64 ~/OneDrive/Documentos/NetBeansProjects/RegistroSwing (master)
$ git init
Reinitialized existing Git repository in C:/Users/Karla/OneDrive/Documentos/NetBeansProjects/RegistroSwing/.git/
Karla@LAPTOP-K32JL3IS MINGW64 ~/OneDrive/Documentos/NetBeansProjects/RegistroSwing (master)
$ git add .
warning: in the working copy of 'build/classes/NewJFrame.form', LF will be replaced by CRLF the next time Git touches it
warning: in the working copy of 'dist/README.TXT', LF will be replaced by CRLF the next time Git touches it
warning: adding embedded git repository: registerofempleadoswing
hint: You've added another git repository inside your current repository.
hint: Clones of the outer repository will not contain the contents of
hint: the embedded repository and will not know how to obtain it.
hint: If you meant to add a submodule, use:
hint:
hint:   git submodule add <url> registerofempleadoswing
hint:
hint: If you added this path by mistake, you can remove it from the
hint: index with:
hint:
hint:   git rm --cached registerofempleadoswing
hint:
hint: See "git help submodule" for more information.
hint: Disable this message with "git config set advice.addEmbeddedRepo false"
error: 'registroEmpleadosSwing/' does not have a commit checked out
fatal: adding files failed

Karla@LAPTOP-K32JL3IS MINGW64 ~/OneDrive/Documentos/NetBeansProjects/RegistroSwing (master)
$ rm -rf registroEmpleadosSwing/.git

Karla@LAPTOP-K32JL3IS MINGW64 ~/OneDrive/Documentos/NetBeansProjects/RegistroSwing (master)
$ git add .
warning: in the working copy of 'build/classes/NewJFrame.form', LF will be replaced by CRLF the next time Git touches it
warning: in the working copy of 'dist/README.TXT', LF will be replaced by CRLF the next time Git touches it
warning: adding embedded git repository: registerofempleadoswing
hint: You've added another git repository inside your current repository.
hint: Clones of the outer repository will not contain the contents of
hint: the embedded repository and will not know how to obtain it.
hint: If you meant to add a submodule, use:
hint:
hint:   git submodule add <url> registerofempleadoswing
hint:
hint: If you added this path by mistake, you can remove it from the
hint: index with:
hint:
hint:   git rm --cached registerofempleadoswing
hint:
hint: See "git help submodule" for more information.
hint: Disable this message with "git config set advice.addEmbeddedRepo false"
warning: in the working copy of 'src/NewJFrame.form', LF will be replaced by CRLF the next time Git touches it
warning: in the working copy of 'src/NewJFrame.java', LF will be replaced by CRLF the next time Git touches it
warning: adding embedded git repository: swing
Karla@LAPTOP-K32JL3IS MINGW64 ~/OneDrive/Documentos/NetBeansProjects/RegistroSwing (master)
$ rm -rf registroEmpleadosSwing/.git
Karla@LAPTOP-K32JL3IS MINGW64 ~/OneDrive/Documentos/NetBeansProjects/RegistroSwing (master)
$ git add .
Karla@LAPTOP-K32JL3IS MINGW64 ~/OneDrive/Documentos/NetBeansProjects/RegistroSwing (master)
$  git commit -m "Agregado"
[master (root-commit) 1431475] Agregado
 36 files changed, 3820 insertions(+)
 create mode 100644 build.xml
 create mode 100644 build/built-jar.properties
 create mode 100644 build/classes/.netbeans_automatic_build
 create mode 100644 build/classes/.netbeans_update_resources
 create mode 100644 build/classes/Imagenes/icons8-among-us-40.png
 create mode 100644 build/classes/NewJFrame$1.class
 create mode 100644 build/classes/NewJFrame$10.class
 create mode 100644 build/classes/NewJFrame$11.class
 create mode 100644 build/classes/NewJFrame$12.class
 create mode 100644 build/classes/NewJFrame$13.class
 create mode 100644 build/classes/NewJFrame$2.class
 create mode 100644 build/classes/NewJFrame$3.class
 create mode 100644 build/classes/NewJFrame$4.class
 create mode 100644 build/classes/NewJFrame$5.class
 create mode 100644 build/classes/NewJFrame$6.class
 create mode 100644 build/classes/NewJFrame$7.class
 create mode 100644 build/classes/NewJFrame$8.class
 create mode 100644 build/classes/NewJFrame$9.class
 create mode 100644 build/classes/NewJFrame.class
 create mode 100644 build/classes/NewJFrame.form
 create mode 100644 dist/README.TXT
 create mode 100644 dist/RegistroSwing.jar
 create mode 100644 dist/lib/AbsoluteLayout.jar
 create mode 100644 manifest.mf
 create mode 100644 nbproject/build-impl.xml
 create mode 100644 nbproject/genfiles.properties
 create mode 100644 nbproject/private/private.properties
 create mode 100644 nbproject/private/private.xml
 create mode 100644 nbproject/project.properties
 create mode 100644 nbproject/project.xml
 create mode 160000 registerofempleadoswing
 create mode 100644 registros.txt
 create mode 100644 src/Imagenes/icons8-among-us-40.png
 create mode 100644 src/NewJFrame.form
 create mode 100644 src/NewJFrame.java
 create mode 160000 swing
Karla@LAPTOP-K32JL3IS MINGW64 ~/OneDrive/Documentos/NetBeansProjects/RegistroSwing (master)
$ git push -u origin main
error: src refspec main does not match any
error: failed to push some refs to 'origin'
Karla@LAPTOP-K32JL3IS MINGW64 ~/OneDrive/Documentos/NetBeansProjects/RegistroSwing (master)
$ git commit -m "Primer commit del proyecto Java"
On branch master
nothing to commit,
git commit -m "Primer commit del proyecto Java"
git commit -m "Primer commit del proyecto Java"
git push -u origin master
git init
git add .
git commit -m "Primer commit del proyecto Java"
git remote add origin https://github.com/kkarliw/registroEmpleadosSwing.git
git push -u origin master
